ARM Linker, 5.03 [Build 76] [MDK-ARM Standard]

==============================================================================

Section Cross References

    startup_stm32f2xx.o(RESET) refers to startup_stm32f2xx.o(STACK) for __initial_sp
    startup_stm32f2xx.o(RESET) refers to startup_stm32f2xx.o(.text) for Reset_Handler
    startup_stm32f2xx.o(RESET) refers to stm32f2xx_platform.o(.text) for SysTick_Handler
    startup_stm32f2xx.o(RESET) refers to gpio_irq.o(.text) for EXTI0_IRQHandler
    startup_stm32f2xx.o(RESET) refers to micodriveruart.o(.text) for DMA1_Stream5_IRQHandler
    startup_stm32f2xx.o(.text) refers to entry.o(.ARM.Collect$$$$00000000) for __main
    bootloaderentrance.o(.text) refers to stm32f2xx_platform.o(.text) for init_clocks
    bootloaderentrance.o(.text) refers to platform.o(.text) for init_platform_bootloader
    bootloaderentrance.o(.text) refers to update_for_ota.o(.text) for update
    bootloaderentrance.o(.text) refers to printfa.o(i.__0printf) for __2printf
    bootloaderentrance.o(.text) refers to menu.o(.text) for Main_Menu
    bootloaderentrance.o(.text) refers to bootloaderentrance.o(.constdata) for .constdata
    getline.o(.text) refers to micodriveruart.o(.text) for MicoUartRecv
    getline.o(.text) refers to putc.o(i.putc) for putc
    getline.o(.text) refers to retarget.o(.data) for __stdout
    menu.o(.text) refers to toupper.o(.text) for toupper
    menu.o(.text) refers to printfa.o(i.__0printf) for __2printf
    menu.o(.text) refers to ymodem.o(.text) for Ymodem_Receive
    menu.o(.text) refers to stringutils.o(.text) for Int2Str
    menu.o(.text) refers to micodriveruart.o(.text) for MicoUartRecv
    menu.o(.text) refers to memseta.o(.text) for __aeabi_memclr4
    menu.o(.text) refers to getline.o(.text) for getline
    menu.o(.text) refers to strcmp.o(.text) for strcmp
    menu.o(.text) refers to micodriverflash.o(.text) for MicoFlashInitialize
    menu.o(.text) refers to menu.o(.bss) for .bss
    menu.o(.text) refers to menu.o(.constdata) for .constdata
    menu.o(.text) refers to menu.o(.data) for .data
    menu.o(.text) refers to stm32f2xx_platform.o(.text) for startApplication
    menu.o(.text) refers to micodriverflash.o(.data) for flash_name
    menu.o(.text) refers to bootloaderentrance.o(.constdata) for menu
    update_for_ota.o(.text) refers to micodriverflash.o(.text) for MicoFlashInitialize
    update_for_ota.o(.text) refers to memseta.o(.text) for __aeabi_memset
    update_for_ota.o(.text) refers to printfa.o(i.__0printf) for __2printf
    update_for_ota.o(.text) refers to strrchr.o(.text) for strrchr
    update_for_ota.o(.text) refers to memcmp.o(.text) for memcmp
    update_for_ota.o(.text) refers to update_for_ota.o(.data) for .data
    update_for_ota.o(.text) refers to update_for_ota.o(.bss) for .bss
    update_for_ota.o(.text) refers to update_for_ota.o(.constdata) for .constdata
    ymodem.o(.text) refers to micodriverflash.o(.text) for MicoFlashInitialize
    ymodem.o(.text) refers to memcpya.o(.text) for __aeabi_memcpy
    ymodem.o(.text) refers to stringutils.o(.text) for Str2Int
    ymodem.o(.text) refers to menu.o(.bss) for FileName
    ymodem.o(.text) refers to micodriveruart.o(.text) for MicoUartRecv
    ymodem.o(.text) refers to putc.o(i.putc) for putc
    ymodem.o(.text) refers to retarget.o(.data) for __stdout
    retarget.o(.text) refers to micodriveruart.o(.text) for MicoUartSend
    stm32f2xx_adc.o(.text) refers to stm32f2xx_rcc.o(.text) for RCC_APB2PeriphResetCmd
    stm32f2xx_can.o(.text) refers to stm32f2xx_rcc.o(.text) for RCC_APB1PeriphResetCmd
    stm32f2xx_cryp.o(.text) refers to stm32f2xx_rcc.o(.text) for RCC_AHB2PeriphResetCmd
    stm32f2xx_cryp_aes.o(.text) refers to stm32f2xx_cryp.o(.text) for CRYP_KeyStructInit
    stm32f2xx_cryp_des.o(.text) refers to stm32f2xx_cryp.o(.text) for CRYP_KeyStructInit
    stm32f2xx_cryp_tdes.o(.text) refers to stm32f2xx_cryp.o(.text) for CRYP_KeyStructInit
    stm32f2xx_dac.o(.text) refers to stm32f2xx_rcc.o(.text) for RCC_APB1PeriphResetCmd
    stm32f2xx_gpio.o(.text) refers to stm32f2xx_rcc.o(.text) for RCC_AHB1PeriphResetCmd
    stm32f2xx_hash.o(.text) refers to stm32f2xx_rcc.o(.text) for RCC_AHB2PeriphResetCmd
    stm32f2xx_hash_md5.o(.text) refers to stm32f2xx_hash.o(.text) for HASH_DeInit
    stm32f2xx_hash_sha1.o(.text) refers to stm32f2xx_hash.o(.text) for HASH_DeInit
    stm32f2xx_i2c.o(.text) refers to stm32f2xx_rcc.o(.text) for RCC_APB1PeriphResetCmd
    stm32f2xx_pwr.o(.text) refers to stm32f2xx_rcc.o(.text) for RCC_APB1PeriphResetCmd
    stm32f2xx_rcc.o(.text) refers to stm32f2xx_rcc.o(.data) for .data
    stm32f2xx_rng.o(.text) refers to stm32f2xx_rcc.o(.text) for RCC_AHB2PeriphResetCmd
    stm32f2xx_sdio.o(.text) refers to stm32f2xx_rcc.o(.text) for RCC_APB2PeriphResetCmd
    stm32f2xx_spi.o(.text) refers to stm32f2xx_rcc.o(.text) for RCC_APB2PeriphResetCmd
[...]
    ..\\Platform\\Common\\Cortex-M3\\STM32F2xx\\STM32F2xx_Drv\\STM32F2xx_StdPeriph_Driver\\src\\stm32f2xx_syscfg.c 0x00000000   Number         0  stm32f2xx_syscfg.o ABSOLUTE
    ..\\Platform\\Common\\Cortex-M3\\STM32F2xx\\STM32F2xx_Drv\\STM32F2xx_StdPeriph_Driver\\src\\stm32f2xx_tim.c 0x00000000   Number         0  stm32f2xx_tim.o ABSOLUTE
    ..\\Platform\\Common\\Cortex-M3\\STM32F2xx\\STM32F2xx_Drv\\STM32F2xx_StdPeriph_Driver\\src\\stm32f2xx_usart.c 0x00000000   Number         0  stm32f2xx_usart.o ABSOLUTE
    ..\\Platform\\Common\\Cortex-M3\\STM32F2xx\\STM32F2xx_Drv\\STM32F2xx_StdPeriph_Driver\\src\\stm32f2xx_wwdg.c 0x00000000   Number         0  stm32f2xx_wwdg.o ABSOLUTE
    ..\\Platform\\Common\\Cortex-M3\\STM32F2xx\\STM32F2xx_Drv\\system_stm32f2xx.c 0x00000000   Number         0  system_stm32f2xx.o ABSOLUTE
    ..\\Platform\\Common\\Cortex-M3\\STM32F2xx\\gpio_irq.c 0x00000000   Number         0  gpio_irq.o ABSOLUTE
    ..\\Platform\\Common\\Cortex-M3\\STM32F2xx\\rtc.c 0x00000000   Number         0  rtc.o ABSOLUTE
    ..\\Platform\\Common\\Cortex-M3\\STM32F2xx\\stm32f2xx_platform.c 0x00000000   Number         0  stm32f2xx_platform.o ABSOLUTE
    ..\\Platform\\Common\\Cortex-M3\\hardfault.c 0x00000000   Number         0  hardfault.o ABSOLUTE
    ..\\Platform\\EMW3162\\platform.c        0x00000000   Number         0  platform.o ABSOLUTE
    cdrcmple.s                               0x00000000   Number         0  cdrcmple.o ABSOLUTE
    dc.s                                     0x00000000   Number         0  dc.o ABSOLUTE
    handlers.s                               0x00000000   Number         0  handlers.o ABSOLUTE
    init.s                                   0x00000000   Number         0  init.o ABSOLUTE
    startup_stm32f2xx.s                      0x00000000   Number         0  startup_stm32f2xx.o ABSOLUTE
    test\Retarget.c                          0x00000000   Number         0  retarget.o ABSOLUTE
    test\\Retarget.c                         0x00000000   Number         0  retarget.o ABSOLUTE
    RESET                                    0x08000000   Section      388  startup_stm32f2xx.o(RESET)
    .ARM.Collect$$$$00000000                 0x08000184   Section        0  entry.o(.ARM.Collect$$$$00000000)
    .ARM.Collect$$$$00000001                 0x08000184   Section        4  entry2.o(.ARM.Collect$$$$00000001)
    .ARM.Collect$$$$00000004                 0x08000188   Section        4  entry5.o(.ARM.Collect$$$$00000004)
    .ARM.Collect$$$$00000008                 0x0800018c   Section        0  entry7b.o(.ARM.Collect$$$$00000008)
    .ARM.Collect$$$$0000000A                 0x0800018c   Section        0  entry8b.o(.ARM.Collect$$$$0000000A)
    .ARM.Collect$$$$0000000B                 0x0800018c   Section        8  entry9a.o(.ARM.Collect$$$$0000000B)
    .ARM.Collect$$$$0000000D                 0x08000194   Section        0  entry10a.o(.ARM.Collect$$$$0000000D)
    .ARM.Collect$$$$0000000F                 0x08000194   Section        0  entry11a.o(.ARM.Collect$$$$0000000F)
    .ARM.Collect$$$$00002712                 0x08000194   Section        4  entry2.o(.ARM.Collect$$$$00002712)
    __lit__00000000                          0x08000194   Data           4  entry2.o(.ARM.Collect$$$$00002712)
    .emb_text                                0x08000198   Section       26  stm32f2xx_platform.o(.emb_text)
    .text                                    0x080001b4   Section       28  startup_stm32f2xx.o(.text)
    .text                                    0x080001d0   Section        0  bootloaderentrance.o(.text)
    .text                                    0x0800021c   Section        0  getline.o(.text)
    .text                                    0x0800029c   Section        0  menu.o(.text)
    .text                                    0x08000d10   Section        0  update_for_ota.o(.text)
    .text                                    0x0800128c   Section        0  ymodem.o(.text)
    Receive_Byte                             0x0800176f   Thumb Code    24  ymodem.o(.text)
    Send_Byte                                0x08001787   Thumb Code    12  ymodem.o(.text)
    Receive_Packet                           0x08001793   Thumb Code   152  ymodem.o(.text)
    .text                                    0x08001830   Section        0  retarget.o(.text)
    .text                                    0x0800184c   Section        0  misc.o(.text)
    .text                                    0x080018fc   Section        0  stm32f2xx_dma.o(.text)
    .text                                    0x08001c24   Section        0  stm32f2xx_exti.o(.text)
    .text                                    0x08001d0c   Section        0  stm32f2xx_flash.o(.text)
    .text                                    0x080020a0   Section        0  stm32f2xx_gpio.o(.text)
    .text                                    0x080022b8   Section        0  stm32f2xx_iwdg.o(.text)
    .text                                    0x080022f4   Section        0  stm32f2xx_pwr.o(.text)
    .text                                    0x080023b0   Section        0  stm32f2xx_rcc.o(.text)
    .text                                    0x08002788   Section        0  stm32f2xx_rtc.o(.text)
    RTC_ByteToBcd2                           0x08002ff3   Thumb Code    24  stm32f2xx_rtc.o(.text)
    RTC_Bcd2ToByte                           0x0800300b   Thumb Code    18  stm32f2xx_rtc.o(.text)
    .text                                    0x08003020   Section        0  stm32f2xx_syscfg.o(.text)
    .text                                    0x0800308c   Section        0  stm32f2xx_usart.o(.text)
    .text                                    0x080033d0   Section        0  stm32f2xx_platform.o(.text)
    stop_mode_power_down_hook                0x08003651   Thumb Code   184  stm32f2xx_platform.o(.text)
    select_wut_prescaler_calculate_wakeup_time 0x0800375f   Thumb Code   426  stm32f2xx_platform.o(.text)
    .text                                    0x08003908   Section        0  micodriveruart.o(.text)
    platform_uart_receive_bytes              0x08003909   Thumb Code   140  micodriveruart.o(.text)
    internal_uart_init                       0x08003995   Thumb Code   794  micodriveruart.o(.text)
    .text                                    0x080040f0   Section        0  micodriverflash.o(.text)
    _GetSector                               0x08004109   Thumb Code   146  micodriverflash.o(.text)
    internalFlashByteWrite                   0x080041bf   Thumb Code   118  micodriverflash.o(.text)
    internalFlashWrite                       0x08004235   Thumb Code   206  micodriverflash.o(.text)
    internalFlashErase                       0x080043e3   Thumb Code    68  micodriverflash.o(.text)
    .text                                    0x080044c0   Section        0  gpio_irq.o(.text)
    .text                                    0x08004740   Section        0  micodrivergpio.o(.text)
    .text                                    0x0800494c   Section        0  micodriverrtc.o(.text)
    .text                                    0x08004b08   Section        0  rtc.o(.text)
    convert_rtc_calendar_values_to_units_passed 0x08004b09   Thumb Code   206  rtc.o(.text)
    reset_rtc_values                         0x08004bd7   Thumb Code   214  rtc.o(.text)
    stm32f2_rtc_change_clock                 0x08004cad   Thumb Code   150  rtc.o(.text)
    .text                                    0x08004e98   Section        0  ringbufferutils.o(.text)
    .text                                    0x08004f84   Section        0  stringutils.o(.text)
    .text                                    0x08005ae0   Section        0  platform.o(.text)
    _button_EL_irq_handler                   0x08005ae1   Thumb Code    54  platform.o(.text)
    _button_STANDBY_irq_handler              0x08005b17   Thumb Code     8  platform.o(.text)
    .text                                    0x08005ce4   Section        0  ctype_o.o(.text)
    .text                                    0x08005cec   Section        0  toupper.o(.text)
    .text                                    0x08005cf8   Section        0  tolower.o(.text)
    .text                                    0x08005d04   Section        0  memcpya.o(.text)
    .text                                    0x08005d28   Section        0  memseta.o(.text)
    .text                                    0x08005d4c   Section        0  strstr.o(.text)
    .text                                    0x08005d70   Section        0  strlen.o(.text)
    .text                                    0x08005d7e   Section        0  strcmp.o(.text)
    .text                                    0x08005d9a   Section        0  memcmp.o(.text)
    .text                                    0x08005db4   Section        0  strrchr.o(.text)
    .text                                    0x08005dd4   Section        0  calloc.o(.text)
    .text                                    0x08005df0   Section        0  fmul.o(.text)
    .text                                    0x08005e5c   Section        0  ffltui.o(.text)
    .text                                    0x08005e66   Section        0  ffixui.o(.text)
    .text                                    0x08005e8e   Section        0  uidiv.o(.text)
    .text                                    0x08005eba   Section        0  uldiv.o(.text)
    .text                                    0x08005f1c   Section        0  iusefp.o(.text)
    .text                                    0x08005f1c   Section        0  fepilogue.o(.text)
    .text                                    0x08005f88   Section        0  dadd.o(.text)
    .text                                    0x080060d6   Section        0  dmul.o(.text)
    .text                                    0x080061ba   Section        0  ddiv.o(.text)
    .text                                    0x08006298   Section        0  dfixul.o(.text)
    .text                                    0x080062c8   Section       40  cdrcmple.o(.text)
    .text                                    0x080062f0   Section       36  init.o(.text)
    .text                                    0x08006314   Section        0  llshl.o(.text)
    .text                                    0x08006332   Section        0  llushr.o(.text)
    .text                                    0x08006352   Section        0  llsshr.o(.text)
    .text                                    0x08006376   Section        0  depilogue.o(.text)
    i.__0printf                              0x08006434   Section        0  printfa.o(i.__0printf)
    i.__0sprintf                             0x08006454   Section        0  printfa.o(i.__0sprintf)
    i.__scatterload_copy                     0x0800647c   Section       14  handlers.o(i.__scatterload_copy)
    i.__scatterload_null                     0x0800648a   Section        2  handlers.o(i.__scatterload_null)
    i.__scatterload_zeroinit                 0x0800648c   Section       14  handlers.o(i.__scatterload_zeroinit)
    i._fp_digits                             0x0800649c   Section        0  printfa.o(i._fp_digits)
    _fp_digits                               0x0800649d   Thumb Code   326  printfa.o(i._fp_digits)
    i._printf_core                           0x080065f8   Section        0  printfa.o(i._printf_core)
    _printf_core                             0x080065f9   Thumb Code  1762  printfa.o(i._printf_core)
    i._printf_post_padding                   0x08006ce8   Section        0  printfa.o(i._printf_post_padding)
    _printf_post_padding                     0x08006ce9   Thumb Code    38  printfa.o(i._printf_post_padding)
    i._printf_pre_padding                    0x08006d0e   Section        0  printfa.o(i._printf_pre_padding)
    _printf_pre_padding                      0x08006d0f   Thumb Code    48  printfa.o(i._printf_pre_padding)
    i._sputc                                 0x08006d3e   Section        0  printfa.o(i._sputc)
    _sputc                                   0x08006d3f   Thumb Code    10  printfa.o(i._sputc)
    i.free                                   0x08006d48   Section        0  malloc.o(i.free)
    i.malloc                                 0x08006d98   Section        0  malloc.o(i.malloc)
    i.putc                                   0x08006e04   Section        0  putc.o(i.putc)
    .constdata                               0x08006e08   Section     1017  bootloaderentrance.o(.constdata)
    .constdata                               0x08007204   Section      475  menu.o(.constdata)
    .constdata                               0x080073e0   Section      114  update_for_ota.o(.constdata)
    __PRETTY_FUNCTION__                      0x080073e0   Data          24  update_for_ota.o(.constdata)
    .constdata                               0x08007454   Section       41  stm32f2xx_platform.o(.constdata)
    stdio_uart_config                        0x08007454   Data          12  stm32f2xx_platform.o(.constdata)
    __PRETTY_FUNCTION__                      0x08007460   Data          29  stm32f2xx_platform.o(.constdata)
    .constdata                               0x0800747d   Section      233  micodriverflash.o(.constdata)
    __PRETTY_FUNCTION__                      0x0800747d   Data          58  micodriverflash.o(.constdata)
    __PRETTY_FUNCTION__                      0x080074b7   Data          85  micodriverflash.o(.constdata)
    __PRETTY_FUNCTION__                      0x0800750c   Data          90  micodriverflash.o(.constdata)
    .constdata                               0x08007566   Section      187  rtc.o(.constdata)
    __PRETTY_FUNCTION__                      0x08007580   Data          63  rtc.o(.constdata)
    __PRETTY_FUNCTION__                      0x080075bf   Data          28  rtc.o(.constdata)
    __PRETTY_FUNCTION__                      0x080075db   Data          70  rtc.o(.constdata)
    .constdata                               0x08007621   Section      337  stringutils.o(.constdata)
    __PRETTY_FUNCTION__                      0x08007621   Data          83  stringutils.o(.constdata)
    __PRETTY_FUNCTION__                      0x08007674   Data          59  stringutils.o(.constdata)
    __PRETTY_FUNCTION__                      0x080076af   Data          69  stringutils.o(.constdata)
    __PRETTY_FUNCTION__                      0x080076f4   Data          69  stringutils.o(.constdata)
    __PRETTY_FUNCTION__                      0x08007739   Data          57  stringutils.o(.constdata)
    .constdata                               0x08007774   Section      348  platform.o(.constdata)
    .constdata                               0x080078d0   Section      184  platform.o(.constdata)
    .constdata                               0x08007988   Section      109  platform.o(.constdata)
    .constdata                               0x080079f5   Section      129  ctype_o.o(.constdata)
    .constdata                               0x08007a78   Section        4  ctype_o.o(.constdata)
    table                                    0x08007a78   Data           4  ctype_o.o(.constdata)
    .conststring                             0x08007a7c   Section        9  micodriverflash.o(.conststring)
    .data                                    0x20000000   Section       18  menu.o(.data)
    .data                                    0x20000014   Section       12  update_for_ota.o(.data)
    destFlashType                            0x20000014   Data           1  update_for_ota.o(.data)
    destStartAddress                         0x20000018   Data           4  update_for_ota.o(.data)
    destEndAddress                           0x2000001c   Data           4  update_for_ota.o(.data)
    .data                                    0x20000020   Section        4  retarget.o(.data)
    .data                                    0x20000024   Section       16  stm32f2xx_rcc.o(.data)
    APBAHBPrescTable                         0x20000024   Data          16  stm32f2xx_rcc.o(.data)
    .data                                    0x20000034   Section       20  system_stm32f2xx.o(.data)
    .data                                    0x20000048   Section       48  stm32f2xx_platform.o(.data)
    stm32_platform_inited                    0x20000048   Data           1  stm32f2xx_platform.o(.data)
    rtc_timeout_start_time                   0x2000004c   Data           4  stm32f2xx_platform.o(.data)
    stm32f2_clock_needed_counter             0x20000050   Data           4  stm32f2xx_platform.o(.data)
    no_os_tick                               0x20000054   Data           4  stm32f2xx_platform.o(.data)
    available_wut_prescalers                 0x20000058   Data          16  stm32f2xx_platform.o(.data)
    scale_factor_values                      0x20000068   Data          16  stm32f2xx_platform.o(.data)
    .data                                    0x20000078   Section        8  micodriverflash.o(.data)
    .data                                    0x20000080   Section        1  gpio_irq.o(.data)
    gpio_irq_management_initted              0x20000080   Data           1  gpio_irq.o(.data)
    .data                                    0x20000081   Section        7  micodriverrtc.o(.data)
    .data                                    0x20000088   Section        8  rtc.o(.data)
    .data                                    0x20000090   Section        4  platform.o(.data)
    _default_start_time                      0x20000090   Data           4  platform.o(.data)
    .data                                    0x20000094   Section        4  mvars.o(.data)
    .data                                    0x20000098   Section        4  mvars.o(.data)
    .bss                                     0x2000009c   Section     1280  menu.o(.bss)
    .bss                                     0x2000059c   Section    24576  update_for_ota.o(.bss)
    data                                     0x2000059c   Data        4096  update_for_ota.o(.bss)
    newData                                  0x2000159c   Data        4096  update_for_ota.o(.bss)
    paraSaveInRam                            0x2000259c   Data       16384  update_for_ota.o(.bss)
    .bss                                     0x2000659c   Section       80  stm32f2xx_platform.o(.bss)
    stdio_rx_buffer                          0x2000659c   Data          16  stm32f2xx_platform.o(.bss)
    stdio_rx_data                            0x200065ac   Data          64  stm32f2xx_platform.o(.bss)
    .bss                                     0x200065ec   Section       48  micodriveruart.o(.bss)
    uart_interfaces                          0x200065ec   Data          48  micodriveruart.o(.bss)
    .bss                                     0x2000661c   Section      192  gpio_irq.o(.bss)
    gpio_irq_data                            0x2000661c   Data         192  gpio_irq.o(.bss)
    HEAP                                     0x200066e0   Section      256  startup_stm32f2xx.o(HEAP)
    STACK                                    0x200067e0   Section     4096  startup_stm32f2xx.o(STACK)

    Global Symbols

    Symbol Name                              Value     Ov Type        Size  Object(Section)

    BuildAttributes$$THM_ISAv4$P$D$K$B$S$PE$A:L22UL41UL21$X:L11$S22US41US21$IEEE1$IW$USESV6$~STKCKD$USESV7$~SHL$OTIME$ROPI$EBA8$MICROLIB$REQ8$PRES8$EABIv2 0x00000000   Number         0  anon$$obj.o ABSOLUTE
    __ARM_use_no_argv                        0x00000000   Number         0  bootloaderentrance.o ABSOLUTE
    __use_no_errno                           0x00000000   Number         0  useno.o ABSOLUTE
    __use_no_exception_handling              0x00000000   Number         0  useno.o ABSOLUTE
    __use_no_fp                              0x00000000   Number         0  useno.o ABSOLUTE
    __use_no_heap                            0x00000000   Number         0  useno.o ABSOLUTE
    __use_no_heap_region                     0x00000000   Number         0  useno.o ABSOLUTE
    __use_no_semihosting                     0x00000000   Number         0  useno.o ABSOLUTE
    __use_no_semihosting_swi                 0x00000000   Number         0  useno.o ABSOLUTE
    __use_no_signal_handling                 0x00000000   Number         0  useno.o ABSOLUTE
    _printf_a                                0x00000000   Number         0  stubs.o ABSOLUTE
    _printf_c                                0x00000000   Number         0  stubs.o ABSOLUTE
    _printf_charcount                        0x00000000   Number         0  stubs.o ABSOLUTE
    _printf_d                                0x00000000   Number         0  stubs.o ABSOLUTE
    _printf_e                                0x00000000   Number         0  stubs.o ABSOLUTE
    _printf_f                                0x00000000   Number         0  stubs.o ABSOLUTE
    _printf_flags                            0x00000000   Number         0  stubs.o ABSOLUTE
    _printf_fp_dec                           0x00000000   Number         0  stubs.o ABSOLUTE
    _printf_fp_hex                           0x00000000   Number         0  stubs.o ABSOLUTE
    _printf_g                                0x00000000   Number         0  stubs.o ABSOLUTE
    _printf_i                                0x00000000   Number         0  stubs.o ABSOLUTE
    _printf_int_dec                          0x00000000   Number         0  stubs.o ABSOLUTE
    _printf_l                                0x00000000   Number         0  stubs.o ABSOLUTE
    _printf_lc                               0x00000000   Number         0  stubs.o ABSOLUTE
    _printf_ll                               0x00000000   Number         0  stubs.o ABSOLUTE
    _printf_lld                              0x00000000   Number         0  stubs.o ABSOLUTE
    _printf_lli                              0x00000000   Number         0  stubs.o ABSOLUTE
    _printf_llo                              0x00000000   Number         0  stubs.o ABSOLUTE
    _printf_llu                              0x00000000   Number         0  stubs.o ABSOLUTE
    _printf_llx                              0x00000000   Number         0  stubs.o ABSOLUTE
    _printf_longlong_dec                     0x00000000   Number         0  stubs.o ABSOLUTE
    _printf_longlong_hex                     0x00000000   Number         0  stubs.o ABSOLUTE
    _printf_longlong_oct                     0x00000000   Number         0  stubs.o ABSOLUTE
    _printf_ls                               0x00000000   Number         0  stubs.o ABSOLUTE
    _printf_mbtowc                           0x00000000   Number         0  stubs.o ABSOLUTE
    _printf_n                                0x00000000   Number         0  stubs.o ABSOLUTE
    _printf_o                                0x00000000   Number         0  stubs.o ABSOLUTE
    _printf_p                                0x00000000   Number         0  stubs.o ABSOLUTE
    _printf_percent                          0x00000000   Number         0  stubs.o ABSOLUTE
    _printf_pre_padding                      0x00000000   Number         0  stubs.o ABSOLUTE
    _printf_return_value                     0x00000000   Number         0  stubs.o ABSOLUTE
    _printf_s                                0x00000000   Number         0  stubs.o ABSOLUTE
    _printf_sizespec                         0x00000000   Number         0  stubs.o ABSOLUTE
    _printf_str                              0x00000000   Number         0  stubs.o ABSOLUTE
    _printf_truncate_signed                  0x00000000   Number         0  stubs.o ABSOLUTE
    _printf_truncate_unsigned                0x00000000   Number         0  stubs.o ABSOLUTE
    _printf_u                                0x00000000   Number         0  stubs.o ABSOLUTE
    _printf_wc                               0x00000000   Number         0  stubs.o ABSOLUTE
    _printf_wctomb                           0x00000000   Number         0  stubs.o ABSOLUTE
    _printf_widthprec                        0x00000000   Number         0  stubs.o ABSOLUTE
    _printf_x                                0x00000000   Number         0  stubs.o ABSOLUTE
    PlatformEasyLinkButtonClickedCallback     - Undefined Weak Reference
    PlatformStandbyButtonClickedCallback      - Undefined Weak Reference
    __cpp_initialize__aeabi_                  - Undefined Weak Reference
    __cxa_finalize                            - Undefined Weak Reference
    __decompress                              - Undefined Weak Reference
    _clock_init                               - Undefined Weak Reference
    _microlib_exit                            - Undefined Weak Reference
    __Vectors_Size                           0x00000184   Number         0  startup_stm32f2xx.o ABSOLUTE
    __Vectors                                0x08000000   Data           4  startup_stm32f2xx.o(RESET)
    __Vectors_End                            0x08000184   Data           0  startup_stm32f2xx.o(RESET)
    __main                                   0x08000185   Thumb Code     0  entry.o(.ARM.Collect$$$$00000000)
    _main_stk                                0x08000185   Thumb Code     0  entry2.o(.ARM.Collect$$$$00000001)
    _main_scatterload                        0x08000189   Thumb Code     0  entry5.o(.ARM.Collect$$$$00000004)
    __main_after_scatterload                 0x0800018d   Thumb Code     0  entry5.o(.ARM.Collect$$$$00000004)
    _main_clock                              0x0800018d   Thumb Code     0  entry7b.o(.ARM.Collect$$$$00000008)
    _main_cpp_init                           0x0800018d   Thumb Code     0  entry8b.o(.ARM.Collect$$$$0000000A)
    _main_init                               0x0800018d   Thumb Code     0  entry9a.o(.ARM.Collect$$$$0000000B)
    __rt_final_cpp                           0x08000195   Thumb Code     0  entry10a.o(.ARM.Collect$$$$0000000D)
    __rt_final_exit                          0x08000195   Thumb Code     0  entry11a.o(.ARM.Collect$$$$0000000F)
    __asm___20_stm32f2xx_platform_c_546a0d50____jump_to 0x08000199   Thumb Code    10  stm32f2xx_platform.o(.emb_text)
    __asm___20_stm32f2xx_platform_c_546a0d50____test_load 0x080001a3   Thumb Code    16  stm32f2xx_platform.o(.emb_text)
    Reset_Handler                            0x080001b5   Thumb Code     4  startup_stm32f2xx.o(.text)
    NMI_Handler                              0x080001b9   Thumb Code     2  startup_stm32f2xx.o(.text)
    HardFault_Handler                        0x080001bb   Thumb Code     2  startup_stm32f2xx.o(.text)
    MemManage_Handler                        0x080001bd   Thumb Code     2  startup_stm32f2xx.o(.text)
    BusFault_Handler                         0x080001bf   Thumb Code     2  startup_stm32f2xx.o(.text)
    UsageFault_Handler                       0x080001c1   Thumb Code     2  startup_stm32f2xx.o(.text)
    SVC_Handler                              0x080001c3   Thumb Code     2  startup_stm32f2xx.o(.text)
    DebugMon_Handler                         0x080001c5   Thumb Code     2  startup_stm32f2xx.o(.text)
    PendSV_Handler                           0x080001c7   Thumb Code     2  startup_stm32f2xx.o(.text)
    ADC_IRQHandler                           0x080001cb   Thumb Code     0  startup_stm32f2xx.o(.text)
    CAN1_RX0_IRQHandler                      0x080001cb   Thumb Code     0  startup_stm32f2xx.o(.text)
    CAN1_RX1_IRQHandler                      0x080001cb   Thumb Code     0  startup_stm32f2xx.o(.text)
    CAN1_SCE_IRQHandler                      0x080001cb   Thumb Code     0  startup_stm32f2xx.o(.text)
    CAN1_TX_IRQHandler                       0x080001cb   Thumb Code     0  startup_stm32f2xx.o(.text)
    CAN2_RX0_IRQHandler                      0x080001cb   Thumb Code     0  startup_stm32f2xx.o(.text)
    CAN2_RX1_IRQHandler                      0x080001cb   Thumb Code     0  startup_stm32f2xx.o(.text)
    CAN2_SCE_IRQHandler                      0x080001cb   Thumb Code     0  startup_stm32f2xx.o(.text)
    CAN2_TX_IRQHandler                       0x080001cb   Thumb Code     0  startup_stm32f2xx.o(.text)
    CRYP_IRQHandler                          0x080001cb   Thumb Code     0  startup_stm32f2xx.o(.text)
    DCMI_IRQHandler                          0x080001cb   Thumb Code     0  startup_stm32f2xx.o(.text)
    DMA1_Stream0_IRQHandler                  0x080001cb   Thumb Code     0  startup_stm32f2xx.o(.text)
    DMA1_Stream1_IRQHandler                  0x080001cb   Thumb Code     0  startup_stm32f2xx.o(.text)
    DMA1_Stream2_IRQHandler                  0x080001cb   Thumb Code     0  startup_stm32f2xx.o(.text)
    DMA1_Stream3_IRQHandler                  0x080001cb   Thumb Code     0  startup_stm32f2xx.o(.text)
    DMA1_Stream4_IRQHandler                  0x080001cb   Thumb Code     0  startup_stm32f2xx.o(.text)
    DMA1_Stream7_IRQHandler                  0x080001cb   Thumb Code     0  startup_stm32f2xx.o(.text)
    DMA2_Stream0_IRQHandler                  0x080001cb   Thumb Code     0  startup_stm32f2xx.o(.text)
    DMA2_Stream3_IRQHandler                  0x080001cb   Thumb Code     0  startup_stm32f2xx.o(.text)
    DMA2_Stream4_IRQHandler                  0x080001cb   Thumb Code     0  startup_stm32f2xx.o(.text)
    DMA2_Stream5_IRQHandler                  0x080001cb   Thumb Code     0  startup_stm32f2xx.o(.text)
    ETH_IRQHandler                           0x080001cb   Thumb Code     0  startup_stm32f2xx.o(.text)
    ETH_WKUP_IRQHandler                      0x080001cb   Thumb Code     0  startup_stm32f2xx.o(.text)
    FLASH_IRQHandler                         0x080001cb   Thumb Code     0  startup_stm32f2xx.o(.text)
    FSMC_IRQHandler                          0x080001cb   Thumb Code     0  startup_stm32f2xx.o(.text)
    HASH_RNG_IRQHandler                      0x080001cb   Thumb Code     0  startup_stm32f2xx.o(.text)
    I2C1_ER_IRQHandler                       0x080001cb   Thumb Code     0  startup_stm32f2xx.o(.text)
    I2C1_EV_IRQHandler                       0x080001cb   Thumb Code     0  startup_stm32f2xx.o(.text)
    I2C2_ER_IRQHandler                       0x080001cb   Thumb Code     0  startup_stm32f2xx.o(.text)
    I2C2_EV_IRQHandler                       0x080001cb   Thumb Code     0  startup_stm32f2xx.o(.text)
    I2C3_ER_IRQHandler                       0x080001cb   Thumb Code     0  startup_stm32f2xx.o(.text)
    I2C3_EV_IRQHandler                       0x080001cb   Thumb Code     0  startup_stm32f2xx.o(.text)
    OTG_FS_IRQHandler                        0x080001cb   Thumb Code     0  startup_stm32f2xx.o(.text)
    OTG_FS_WKUP_IRQHandler                   0x080001cb   Thumb Code     0  startup_stm32f2xx.o(.text)
    OTG_HS_EP1_IN_IRQHandler                 0x080001cb   Thumb Code     0  startup_stm32f2xx.o(.text)
    OTG_HS_EP1_OUT_IRQHandler                0x080001cb   Thumb Code     0  startup_stm32f2xx.o(.text)
    OTG_HS_IRQHandler                        0x080001cb   Thumb Code     0  startup_stm32f2xx.o(.text)
    OTG_HS_WKUP_IRQHandler                   0x080001cb   Thumb Code     0  startup_stm32f2xx.o(.text)
    PVD_IRQHandler                           0x080001cb   Thumb Code     0  startup_stm32f2xx.o(.text)
    RCC_IRQHandler                           0x080001cb   Thumb Code     0  startup_stm32f2xx.o(.text)
    RTC_Alarm_IRQHandler                     0x080001cb   Thumb Code     0  startup_stm32f2xx.o(.text)
    RTC_WKUP_IRQHandler                      0x080001cb   Thumb Code     0  startup_stm32f2xx.o(.text)
    SDIO_IRQHandler                          0x080001cb   Thumb Code     0  startup_stm32f2xx.o(.text)
    SPI1_IRQHandler                          0x080001cb   Thumb Code     0  startup_stm32f2xx.o(.text)
    SPI2_IRQHandler                          0x080001cb   Thumb Code     0  startup_stm32f2xx.o(.text)
    SPI3_IRQHandler                          0x080001cb   Thumb Code     0  startup_stm32f2xx.o(.text)
    TAMP_STAMP_IRQHandler                    0x080001cb   Thumb Code     0  startup_stm32f2xx.o(.text)
    TIM1_BRK_TIM9_IRQHandler                 0x080001cb   Thumb Code     0  startup_stm32f2xx.o(.text)
    TIM1_CC_IRQHandler                       0x080001cb   Thumb Code     0  startup_stm32f2xx.o(.text)
    TIM1_TRG_COM_TIM11_IRQHandler            0x080001cb   Thumb Code     0  startup_stm32f2xx.o(.text)
    TIM1_UP_TIM10_IRQHandler                 0x080001cb   Thumb Code     0  startup_stm32f2xx.o(.text)
    TIM2_IRQHandler                          0x080001cb   Thumb Code     0  startup_stm32f2xx.o(.text)
    TIM3_IRQHandler                          0x080001cb   Thumb Code     0  startup_stm32f2xx.o(.text)
    TIM4_IRQHandler                          0x080001cb   Thumb Code     0  startup_stm32f2xx.o(.text)
    TIM5_IRQHandler                          0x080001cb   Thumb Code     0  startup_stm32f2xx.o(.text)
    TIM6_DAC_IRQHandler                      0x080001cb   Thumb Code     0  startup_stm32f2xx.o(.text)
    TIM7_IRQHandler                          0x080001cb   Thumb Code     0  startup_stm32f2xx.o(.text)
    TIM8_BRK_TIM12_IRQHandler                0x080001cb   Thumb Code     0  startup_stm32f2xx.o(.text)
    TIM8_CC_IRQHandler                       0x080001cb   Thumb Code     0  startup_stm32f2xx.o(.text)
    TIM8_TRG_COM_TIM14_IRQHandler            0x080001cb   Thumb Code     0  startup_stm32f2xx.o(.text)
    TIM8_UP_TIM13_IRQHandler                 0x080001cb   Thumb Code     0  startup_stm32f2xx.o(.text)
    UART4_IRQHandler                         0x080001cb   Thumb Code     0  startup_stm32f2xx.o(.text)
    UART5_IRQHandler                         0x080001cb   Thumb Code     0  startup_stm32f2xx.o(.text)
    USART3_IRQHandler                        0x080001cb   Thumb Code     0  startup_stm32f2xx.o(.text)
    WWDG_IRQHandler                          0x080001cb   Thumb Code     0  startup_stm32f2xx.o(.text)
    main                                     0x080001d1   Thumb Code    54  bootloaderentrance.o(.text)
    getline                                  0x0800021d   Thumb Code   122  getline.o(.text)
    findCommandPara                          0x0800029d   Thumb Code   158  menu.o(.text)
    SerialDownload                           0x0800033b   Thumb Code   116  menu.o(.text)
    SerialUpload                             0x080003af   Thumb Code    64  menu.o(.text)
    Main_Menu                                0x080003ef   Thumb Code  1888  menu.o(.text)
    updateLogCheck                           0x08000d11   Thumb Code   136  update_for_ota.o(.text)
    update                                   0x08000d99   Thumb Code  1190  update_for_ota.o(.text)
    Ymodem_Receive                           0x0800128d   Thumb Code   424  ymodem.o(.text)
    Ymodem_CheckResponse                     0x08001435   Thumb Code     4  ymodem.o(.text)
    Ymodem_PrepareIntialPacket               0x08001439   Thumb Code    88  ymodem.o(.text)
    Ymodem_PreparePacket                     0x08001491   Thumb Code    82  ymodem.o(.text)
    UpdateCRC16                              0x080014e3   Thumb Code    40  ymodem.o(.text)
    Cal_CRC16                                0x0800150b   Thumb Code    36  ymodem.o(.text)
    CalChecksum                              0x0800152f   Thumb Code    20  ymodem.o(.text)
    Ymodem_SendPacket                        0x08001543   Thumb Code    26  ymodem.o(.text)
    Ymodem_Transmit                          0x0800155d   Thumb Code   530  ymodem.o(.text)
    fputc                                    0x08001831   Thumb Code    16  retarget.o(.text)
    ferror                                   0x08001841   Thumb Code     6  retarget.o(.text)
    _ttywrch                                 0x08001847   Thumb Code     2  retarget.o(.text)
    _sys_exit                                0x08001849   Thumb Code     2  retarget.o(.text)
    NVIC_PriorityGroupConfig                 0x0800184d   Thumb Code    10  misc.o(.text)
    NVIC_Init                                0x08001857   Thumb Code    92  misc.o(.text)
    NVIC_SetVectorTable                      0x080018b3   Thumb Code    14  misc.o(.text)
    NVIC_SystemLPConfig                      0x080018c1   Thumb Code    20  misc.o(.text)
    SysTick_CLKSourceConfig                  0x080018d5   Thumb Code    24  misc.o(.text)
    DMA_DeInit                               0x080018fd   Thumb Code   272  stm32f2xx_dma.o(.text)
    DMA_Init                                 0x08001a0d   Thumb Code    80  stm32f2xx_dma.o(.text)
    DMA_StructInit                           0x08001a5d   Thumb Code    34  stm32f2xx_dma.o(.text)
    DMA_Cmd                                  0x08001a7f   Thumb Code    20  stm32f2xx_dma.o(.text)
    DMA_PeriphIncOffsetSizeConfig            0x08001a93   Thumb Code    20  stm32f2xx_dma.o(.text)
    DMA_FlowControllerConfig                 0x08001aa7   Thumb Code    20  stm32f2xx_dma.o(.text)
    DMA_SetCurrDataCounter                   0x08001abb   Thumb Code     4  stm32f2xx_dma.o(.text)
    DMA_GetCurrDataCounter                   0x08001abf   Thumb Code     6  stm32f2xx_dma.o(.text)
    DMA_DoubleBufferModeConfig               0x08001ac5   Thumb Code    22  stm32f2xx_dma.o(.text)
    DMA_DoubleBufferModeCmd                  0x08001adb   Thumb Code    20  stm32f2xx_dma.o(.text)
    DMA_MemoryTargetConfig                   0x08001aef   Thumb Code    10  stm32f2xx_dma.o(.text)
    DMA_GetCurrentMemoryTarget               0x08001af9   Thumb Code    14  stm32f2xx_dma.o(.text)
    DMA_GetCmdStatus                         0x08001b07   Thumb Code    14  stm32f2xx_dma.o(.text)
    DMA_GetFIFOStatus                        0x08001b15   Thumb Code     8  stm32f2xx_dma.o(.text)
    DMA_GetFlagStatus                        0x08001b1d   Thumb Code    42  stm32f2xx_dma.o(.text)
    DMA_ClearFlag                            0x08001b47   Thumb Code    34  stm32f2xx_dma.o(.text)
    DMA_ITConfig                             0x08001b69   Thumb Code    52  stm32f2xx_dma.o(.text)
    DMA_GetITStatus                          0x08001b9d   Thumb Code    70  stm32f2xx_dma.o(.text)
    DMA_ClearITPendingBit                    0x08001be3   Thumb Code    34  stm32f2xx_dma.o(.text)
    EXTI_DeInit                              0x08001c25   Thumb Code    28  stm32f2xx_exti.o(.text)
    EXTI_Init                                0x08001c41   Thumb Code   108  stm32f2xx_exti.o(.text)
    EXTI_StructInit                          0x08001cad   Thumb Code    14  stm32f2xx_exti.o(.text)
    EXTI_GenerateSWInterrupt                 0x08001cbb   Thumb Code    12  stm32f2xx_exti.o(.text)
    EXTI_GetFlagStatus                       0x08001cc7   Thumb Code    18  stm32f2xx_exti.o(.text)
    EXTI_ClearFlag                           0x08001cd9   Thumb Code     8  stm32f2xx_exti.o(.text)
    EXTI_GetITStatus                         0x08001ce1   Thumb Code    28  stm32f2xx_exti.o(.text)
    EXTI_ClearITPendingBit                   0x08001cfd   Thumb Code     8  stm32f2xx_exti.o(.text)
    FLASH_SetLatency                         0x08001d0d   Thumb Code     6  stm32f2xx_flash.o(.text)
    FLASH_PrefetchBufferCmd                  0x08001d13   Thumb Code    22  stm32f2xx_flash.o(.text)
    FLASH_InstructionCacheCmd                0x08001d29   Thumb Code    22  stm32f2xx_flash.o(.text)
    FLASH_DataCacheCmd                       0x08001d3f   Thumb Code    22  stm32f2xx_flash.o(.text)
    FLASH_InstructionCacheReset              0x08001d55   Thumb Code    12  stm32f2xx_flash.o(.text)
    FLASH_DataCacheReset                     0x08001d61   Thumb Code    12  stm32f2xx_flash.o(.text)
    FLASH_Unlock                             0x08001d6d   Thumb Code    24  stm32f2xx_flash.o(.text)
    FLASH_Lock                               0x08001d85   Thumb Code    14  stm32f2xx_flash.o(.text)
    FLASH_GetStatus                          0x08001d93   Thumb Code    48  stm32f2xx_flash.o(.text)
    FLASH_WaitForLastOperation               0x08001dc3   Thumb Code    32  stm32f2xx_flash.o(.text)
    FLASH_EraseSector                        0x08001de3   Thumb Code   106  stm32f2xx_flash.o(.text)
    FLASH_EraseAllSectors                    0x08001e4d   Thumb Code    88  stm32f2xx_flash.o(.text)
    FLASH_ProgramDoubleWord                  0x08001ea5   Thumb Code    62  stm32f2xx_flash.o(.text)
    FLASH_ProgramWord                        0x08001ee3   Thumb Code    58  stm32f2xx_flash.o(.text)
    FLASH_ProgramHalfWord                    0x08001f1d   Thumb Code    58  stm32f2xx_flash.o(.text)
    FLASH_ProgramByte                        0x08001f57   Thumb Code    54  stm32f2xx_flash.o(.text)
    FLASH_OB_Unlock                          0x08001f8d   Thumb Code    24  stm32f2xx_flash.o(.text)
    FLASH_OB_Lock                            0x08001fa5   Thumb Code    14  stm32f2xx_flash.o(.text)
    FLASH_OB_WRPConfig                       0x08001fb3   Thumb Code    32  stm32f2xx_flash.o(.text)
    FLASH_OB_RDPConfig                       0x08001fd3   Thumb Code    20  stm32f2xx_flash.o(.text)
    FLASH_OB_UserConfig                      0x08001fe7   Thumb Code    36  stm32f2xx_flash.o(.text)
    FLASH_OB_BORConfig                       0x0800200b   Thumb Code    20  stm32f2xx_flash.o(.text)
    FLASH_OB_Launch                          0x0800201f   Thumb Code    14  stm32f2xx_flash.o(.text)
    FLASH_OB_GetUser                         0x0800202d   Thumb Code    12  stm32f2xx_flash.o(.text)
    FLASH_OB_GetWRP                          0x08002039   Thumb Code     8  stm32f2xx_flash.o(.text)
    FLASH_OB_GetRDP                          0x08002041   Thumb Code    16  stm32f2xx_flash.o(.text)
    FLASH_OB_GetBOR                          0x08002051   Thumb Code    12  stm32f2xx_flash.o(.text)
    FLASH_ITConfig                           0x0800205d   Thumb Code    20  stm32f2xx_flash.o(.text)
    FLASH_GetFlagStatus                      0x08002071   Thumb Code    18  stm32f2xx_flash.o(.text)
    FLASH_ClearFlag                          0x08002083   Thumb Code     8  stm32f2xx_flash.o(.text)
    GPIO_DeInit                              0x080020a1   Thumb Code   192  stm32f2xx_gpio.o(.text)
    GPIO_Init                                0x08002161   Thumb Code   162  stm32f2xx_gpio.o(.text)
    GPIO_StructInit                          0x08002203   Thumb Code    18  stm32f2xx_gpio.o(.text)
    GPIO_PinLockConfig                       0x08002215   Thumb Code    24  stm32f2xx_gpio.o(.text)
    GPIO_ReadInputDataBit                    0x0800222d   Thumb Code    14  stm32f2xx_gpio.o(.text)
    GPIO_ReadInputData                       0x0800223b   Thumb Code     6  stm32f2xx_gpio.o(.text)
    GPIO_ReadOutputDataBit                   0x08002241   Thumb Code    14  stm32f2xx_gpio.o(.text)
    GPIO_ReadOutputData                      0x0800224f   Thumb Code     6  stm32f2xx_gpio.o(.text)
    GPIO_SetBits                             0x08002255   Thumb Code     4  stm32f2xx_gpio.o(.text)
    GPIO_ResetBits                           0x08002259   Thumb Code     4  stm32f2xx_gpio.o(.text)
    GPIO_WriteBit                            0x0800225d   Thumb Code    10  stm32f2xx_gpio.o(.text)
    GPIO_Write                               0x08002267   Thumb Code     4  stm32f2xx_gpio.o(.text)
    GPIO_ToggleBits                          0x0800226b   Thumb Code     8  stm32f2xx_gpio.o(.text)
    GPIO_PinAFConfig                         0x08002273   Thumb Code    32  stm32f2xx_gpio.o(.text)
    IWDG_WriteAccessCmd                      0x080022b9   Thumb Code     6  stm32f2xx_iwdg.o(.text)
    IWDG_SetPrescaler                        0x080022bf   Thumb Code     6  stm32f2xx_iwdg.o(.text)
    IWDG_SetReload                           0x080022c5   Thumb Code     6  stm32f2xx_iwdg.o(.text)
    IWDG_ReloadCounter                       0x080022cb   Thumb Code    10  stm32f2xx_iwdg.o(.text)
    IWDG_Enable                              0x080022d5   Thumb Code    10  stm32f2xx_iwdg.o(.text)
    IWDG_GetFlagStatus                       0x080022df   Thumb Code    16  stm32f2xx_iwdg.o(.text)
    PWR_DeInit                               0x080022f5   Thumb Code    24  stm32f2xx_pwr.o(.text)
    PWR_BackupAccessCmd                      0x0800230d   Thumb Code     6  stm32f2xx_pwr.o(.text)
    PWR_PVDLevelConfig                       0x08002313   Thumb Code    14  stm32f2xx_pwr.o(.text)
    PWR_PVDCmd                               0x08002321   Thumb Code     6  stm32f2xx_pwr.o(.text)
    PWR_WakeUpPinCmd                         0x08002327   Thumb Code     8  stm32f2xx_pwr.o(.text)
    PWR_BackupRegulatorCmd                   0x0800232f   Thumb Code     8  stm32f2xx_pwr.o(.text)
    PWR_FlashPowerDownCmd                    0x08002337   Thumb Code     6  stm32f2xx_pwr.o(.text)
    PWR_EnterSTOPMode                        0x0800233d   Thumb Code    42  stm32f2xx_pwr.o(.text)
    PWR_EnterSTANDBYMode                     0x08002367   Thumb Code    32  stm32f2xx_pwr.o(.text)
    PWR_GetFlagStatus                        0x08002387   Thumb Code    16  stm32f2xx_pwr.o(.text)
    PWR_ClearFlag                            0x08002397   Thumb Code    12  stm32f2xx_pwr.o(.text)
    RCC_DeInit                               0x080023b1   Thumb Code    48  stm32f2xx_rcc.o(.text)
    RCC_HSEConfig                            0x080023e1   Thumb Code    12  stm32f2xx_rcc.o(.text)
    RCC_GetFlagStatus                        0x080023ed   Thumb Code    46  stm32f2xx_rcc.o(.text)
    RCC_WaitForHSEStartUp                    0x0800241b   Thumb Code    44  stm32f2xx_rcc.o(.text)
    RCC_AdjustHSICalibrationValue            0x08002447   Thumb Code    16  stm32f2xx_rcc.o(.text)
    RCC_HSICmd                               0x08002457   Thumb Code     6  stm32f2xx_rcc.o(.text)
    RCC_LSEConfig                            0x0800245d   Thumb Code    24  stm32f2xx_rcc.o(.text)
    RCC_LSICmd                               0x08002475   Thumb Code     6  stm32f2xx_rcc.o(.text)
    RCC_PLLConfig                            0x0800247b   Thumb Code    32  stm32f2xx_rcc.o(.text)
    RCC_PLLCmd                               0x0800249b   Thumb Code     6  stm32f2xx_rcc.o(.text)
    RCC_PLLI2SConfig                         0x080024a1   Thumb Code    14  stm32f2xx_rcc.o(.text)
    RCC_PLLI2SCmd                            0x080024af   Thumb Code     6  stm32f2xx_rcc.o(.text)
    RCC_ClockSecuritySystemCmd               0x080024b5   Thumb Code     6  stm32f2xx_rcc.o(.text)
    RCC_MCO1Config                           0x080024bb   Thumb Code    18  stm32f2xx_rcc.o(.text)
    RCC_MCO2Config                           0x080024cd   Thumb Code    18  stm32f2xx_rcc.o(.text)
    RCC_SYSCLKConfig                         0x080024df   Thumb Code    16  stm32f2xx_rcc.o(.text)
    RCC_GetSYSCLKSource                      0x080024ef   Thumb Code    12  stm32f2xx_rcc.o(.text)
    RCC_HCLKConfig                           0x080024fb   Thumb Code    16  stm32f2xx_rcc.o(.text)
    RCC_PCLK1Config                          0x0800250b   Thumb Code    16  stm32f2xx_rcc.o(.text)
    RCC_PCLK2Config                          0x0800251b   Thumb Code    18  stm32f2xx_rcc.o(.text)
    RCC_GetClocksFreq                        0x0800252d   Thumb Code   134  stm32f2xx_rcc.o(.text)
    RCC_RTCCLKConfig                         0x080025b3   Thumb Code    42  stm32f2xx_rcc.o(.text)
    RCC_RTCCLKCmd                            0x080025dd   Thumb Code     8  stm32f2xx_rcc.o(.text)
    RCC_BackupResetCmd                       0x080025e5   Thumb Code     8  stm32f2xx_rcc.o(.text)
    RCC_I2SCLKConfig                         0x080025ed   Thumb Code     6  stm32f2xx_rcc.o(.text)
    RCC_AHB1PeriphClockCmd                   0x080025f3   Thumb Code    20  stm32f2xx_rcc.o(.text)
    RCC_AHB2PeriphClockCmd                   0x08002607   Thumb Code    20  stm32f2xx_rcc.o(.text)
    RCC_AHB3PeriphClockCmd                   0x0800261b   Thumb Code    20  stm32f2xx_rcc.o(.text)
    RCC_APB1PeriphClockCmd                   0x0800262f   Thumb Code    20  stm32f2xx_rcc.o(.text)
    RCC_APB2PeriphClockCmd                   0x08002643   Thumb Code    20  stm32f2xx_rcc.o(.text)
    RCC_AHB1PeriphResetCmd                   0x08002657   Thumb Code    20  stm32f2xx_rcc.o(.text)
    RCC_AHB2PeriphResetCmd                   0x0800266b   Thumb Code    20  stm32f2xx_rcc.o(.text)
    RCC_AHB3PeriphResetCmd                   0x0800267f   Thumb Code    20  stm32f2xx_rcc.o(.text)
    RCC_APB1PeriphResetCmd                   0x08002693   Thumb Code    20  stm32f2xx_rcc.o(.text)
    RCC_APB2PeriphResetCmd                   0x080026a7   Thumb Code    20  stm32f2xx_rcc.o(.text)
    RCC_AHB1PeriphClockLPModeCmd             0x080026bb   Thumb Code    20  stm32f2xx_rcc.o(.text)
    RCC_AHB2PeriphClockLPModeCmd             0x080026cf   Thumb Code    20  stm32f2xx_rcc.o(.text)
    RCC_AHB3PeriphClockLPModeCmd             0x080026e3   Thumb Code    20  stm32f2xx_rcc.o(.text)
    RCC_APB1PeriphClockLPModeCmd             0x080026f7   Thumb Code    20  stm32f2xx_rcc.o(.text)
    RCC_APB2PeriphClockLPModeCmd             0x0800270b   Thumb Code    20  stm32f2xx_rcc.o(.text)
    RCC_ITConfig                             0x0800271f   Thumb Code    20  stm32f2xx_rcc.o(.text)
    RCC_ClearFlag                            0x08002733   Thumb Code    14  stm32f2xx_rcc.o(.text)
    RCC_GetITStatus                          0x08002741   Thumb Code    18  stm32f2xx_rcc.o(.text)
    RCC_ClearITPendingBit                    0x08002753   Thumb Code     8  stm32f2xx_rcc.o(.text)
    RTC_WaitForSynchro                       0x08002789   Thumb Code    68  stm32f2xx_rtc.o(.text)
    RTC_EnterInitMode                        0x080027cd   Thumb Code    58  stm32f2xx_rtc.o(.text)
    RTC_DeInit                               0x08002807   Thumb Code   142  stm32f2xx_rtc.o(.text)
    RTC_ExitInitMode                         0x08002895   Thumb Code    14  stm32f2xx_rtc.o(.text)
    RTC_Init                                 0x080028a3   Thumb Code    74  stm32f2xx_rtc.o(.text)
    RTC_StructInit                           0x080028ed   Thumb Code    14  stm32f2xx_rtc.o(.text)
    RTC_WriteProtectionCmd                   0x080028fb   Thumb Code    18  stm32f2xx_rtc.o(.text)
    RTC_RefClockCmd                          0x0800290d   Thumb Code    56  stm32f2xx_rtc.o(.text)
    RTC_SetTime                              0x08002945   Thumb Code   140  stm32f2xx_rtc.o(.text)
    RTC_TimeStructInit                       0x080029d1   Thumb Code    12  stm32f2xx_rtc.o(.text)
    RTC_GetTime                              0x080029dd   Thumb Code    70  stm32f2xx_rtc.o(.text)
    RTC_SetDate                              0x08002a23   Thumb Code   136  stm32f2xx_rtc.o(.text)
    RTC_DateStructInit                       0x08002aab   Thumb Code    14  stm32f2xx_rtc.o(.text)
    RTC_GetDate                              0x08002ab9   Thumb Code    66  stm32f2xx_rtc.o(.text)
    RTC_SetAlarm                             0x08002afb   Thumb Code   176  stm32f2xx_rtc.o(.text)
    RTC_AlarmStructInit                      0x08002bab   Thumb Code    20  stm32f2xx_rtc.o(.text)
    RTC_GetAlarm                             0x08002bbf   Thumb Code   102  stm32f2xx_rtc.o(.text)
    RTC_AlarmCmd                             0x08002c25   Thumb Code    80  stm32f2xx_rtc.o(.text)
    RTC_WakeUpClockConfig                    0x08002c75   Thumb Code    36  stm32f2xx_rtc.o(.text)
    RTC_SetWakeUpCounter                     0x08002c99   Thumb Code    24  stm32f2xx_rtc.o(.text)
    RTC_GetWakeUpCounter                     0x08002cb1   Thumb Code    10  stm32f2xx_rtc.o(.text)
    RTC_WakeUpCmd                            0x08002cbb   Thumb Code    86  stm32f2xx_rtc.o(.text)
    RTC_DayLightSavingConfig                 0x08002d11   Thumb Code    40  stm32f2xx_rtc.o(.text)
    RTC_GetStoreOperation                    0x08002d39   Thumb Code    12  stm32f2xx_rtc.o(.text)
    RTC_OutputConfig                         0x08002d45   Thumb Code    40  stm32f2xx_rtc.o(.text)
    RTC_CoarseCalibConfig                    0x08002d6d   Thumb Code    48  stm32f2xx_rtc.o(.text)
    RTC_CoarseCalibCmd                       0x08002d9d   Thumb Code    58  stm32f2xx_rtc.o(.text)
    RTC_CalibOutputCmd                       0x08002dd7   Thumb Code    40  stm32f2xx_rtc.o(.text)
    RTC_TimeStampCmd                         0x08002dff   Thumb Code    44  stm32f2xx_rtc.o(.text)
    RTC_GetTimeStamp                         0x08002e2b   Thumb Code   130  stm32f2xx_rtc.o(.text)
    RTC_TamperTriggerConfig                  0x08002ead   Thumb Code    24  stm32f2xx_rtc.o(.text)
    RTC_TamperCmd                            0x08002ec5   Thumb Code    20  stm32f2xx_rtc.o(.text)
    RTC_WriteBackupRegister                  0x08002ed9   Thumb Code    16  stm32f2xx_rtc.o(.text)
    RTC_ReadBackupRegister                   0x08002ee9   Thumb Code    16  stm32f2xx_rtc.o(.text)
    RTC_TamperPinSelection                   0x08002ef9   Thumb Code    20  stm32f2xx_rtc.o(.text)
    RTC_TimeStampPinSelection                0x08002f0d   Thumb Code    20  stm32f2xx_rtc.o(.text)
    RTC_OutputTypeConfig                     0x08002f21   Thumb Code    20  stm32f2xx_rtc.o(.text)
    RTC_ITConfig                             0x08002f35   Thumb Code    62  stm32f2xx_rtc.o(.text)
    RTC_GetFlagStatus                        0x08002f73   Thumb Code    34  stm32f2xx_rtc.o(.text)
    RTC_ClearFlag                            0x08002f95   Thumb Code    22  stm32f2xx_rtc.o(.text)
    RTC_GetITStatus                          0x08002fab   Thumb Code    48  stm32f2xx_rtc.o(.text)
    RTC_ClearITPendingBit                    0x08002fdb   Thumb Code    24  stm32f2xx_rtc.o(.text)
    SYSCFG_DeInit                            0x08003021   Thumb Code    24  stm32f2xx_syscfg.o(.text)
    SYSCFG_MemoryRemapConfig                 0x08003039   Thumb Code     6  stm32f2xx_syscfg.o(.text)
    SYSCFG_EXTILineConfig                    0x0800303f   Thumb Code    36  stm32f2xx_syscfg.o(.text)
    SYSCFG_ETH_MediaInterfaceConfig          0x08003063   Thumb Code     6  stm32f2xx_syscfg.o(.text)
    SYSCFG_CompensationCellCmd               0x08003069   Thumb Code     6  stm32f2xx_syscfg.o(.text)
    SYSCFG_GetCompensationCellStatus         0x0800306f   Thumb Code    16  stm32f2xx_syscfg.o(.text)
    USART_DeInit                             0x0800308d   Thumb Code   114  stm32f2xx_usart.o(.text)
    USART_Init                               0x080030ff   Thumb Code   174  stm32f2xx_usart.o(.text)
    USART_StructInit                         0x080031ad   Thumb Code    22  stm32f2xx_usart.o(.text)
    USART_ClockInit                          0x080031c3   Thumb Code    28  stm32f2xx_usart.o(.text)
    USART_ClockStructInit                    0x080031df   Thumb Code    12  stm32f2xx_usart.o(.text)
    USART_Cmd                                0x080031eb   Thumb Code    20  stm32f2xx_usart.o(.text)
    USART_SetPrescaler                       0x080031ff   Thumb Code    16  stm32f2xx_usart.o(.text)
    USART_OverSampling8Cmd                   0x0800320f   Thumb Code    20  stm32f2xx_usart.o(.text)
    USART_OneBitMethodCmd                    0x08003223   Thumb Code    20  stm32f2xx_usart.o(.text)
    USART_SendData                           0x08003237   Thumb Code     8  stm32f2xx_usart.o(.text)
    USART_ReceiveData                        0x0800323f   Thumb Code     8  stm32f2xx_usart.o(.text)
    USART_SetAddress                         0x08003247   Thumb Code    16  stm32f2xx_usart.o(.text)
    USART_ReceiverWakeUpCmd                  0x08003257   Thumb Code    20  stm32f2xx_usart.o(.text)
    USART_WakeUpConfig                       0x0800326b   Thumb Code    16  stm32f2xx_usart.o(.text)
    USART_LINBreakDetectLengthConfig         0x0800327b   Thumb Code    16  stm32f2xx_usart.o(.text)
    USART_LINCmd                             0x0800328b   Thumb Code    20  stm32f2xx_usart.o(.text)
    USART_SendBreak                          0x0800329f   Thumb Code    10  stm32f2xx_usart.o(.text)
    USART_HalfDuplexCmd                      0x080032a9   Thumb Code    20  stm32f2xx_usart.o(.text)
    USART_SetGuardTime                       0x080032bd   Thumb Code    16  stm32f2xx_usart.o(.text)
    USART_SmartCardCmd                       0x080032cd   Thumb Code    20  stm32f2xx_usart.o(.text)
    USART_SmartCardNACKCmd                   0x080032e1   Thumb Code    20  stm32f2xx_usart.o(.text)
    USART_IrDAConfig                         0x080032f5   Thumb Code    16  stm32f2xx_usart.o(.text)
    USART_IrDACmd                            0x08003305   Thumb Code    20  stm32f2xx_usart.o(.text)
    USART_DMACmd                             0x08003319   Thumb Code    16  stm32f2xx_usart.o(.text)
    USART_ITConfig                           0x08003329   Thumb Code    48  stm32f2xx_usart.o(.text)
    USART_GetFlagStatus                      0x08003359   Thumb Code    14  stm32f2xx_usart.o(.text)
    USART_ClearFlag                          0x08003367   Thumb Code     6  stm32f2xx_usart.o(.text)
    USART_GetITStatus                        0x0800336d   Thumb Code    62  stm32f2xx_usart.o(.text)
    USART_ClearITPendingBit                  0x080033ab   Thumb Code    12  stm32f2xx_usart.o(.text)
    startApplication                         0x080033d1   Thumb Code    76  stm32f2xx_platform.o(.text)
    init_clocks                              0x0800341d   Thumb Code   102  stm32f2xx_platform.o(.text)
    init_memory                              0x08003483   Thumb Code     2  stm32f2xx_platform.o(.text)
    MCU_CLOCKS_NEEDED                        0x08003485   Thumb Code    32  stm32f2xx_platform.o(.text)
    MicoSystemStandBy                        0x080034a5   Thumb Code   220  stm32f2xx_platform.o(.text)
    init_architecture                        0x08003581   Thumb Code   176  stm32f2xx_platform.o(.text)
    MCU_CLOCKS_NOT_NEEDED                    0x08003631   Thumb Code    32  stm32f2xx_platform.o(.text)
    platform_power_down_hook                 0x08003709   Thumb Code     2  stm32f2xx_platform.o(.text)
    RTC_WKUP_irq                             0x0800370b   Thumb Code     8  stm32f2xx_platform.o(.text)
    platform_idle_hook                       0x08003713   Thumb Code     4  stm32f2xx_platform.o(.text)
    MicoSystemReboot                         0x08003717   Thumb Code    26  stm32f2xx_platform.o(.text)
    MicoMcuPowerSaveConfig                   0x08003731   Thumb Code     8  stm32f2xx_platform.o(.text)
    SysTick_Handler                          0x08003739   Thumb Code    12  stm32f2xx_platform.o(.text)
    mico_get_time_no_os                      0x08003745   Thumb Code     6  stm32f2xx_platform.o(.text)
    mico_thread_msleep_no_os                 0x0800374b   Thumb Code    14  stm32f2xx_platform.o(.text)
    mico_get_time                            0x08003759   Thumb Code     6  stm32f2xx_platform.o(.text)
    MicoUartInitialize                       0x08003caf   Thumb Code     2  micodriveruart.o(.text)
    MicoStdioUartInitialize                  0x08003cb1   Thumb Code     8  micodriveruart.o(.text)
    MicoUartFinalize                         0x08003cb9   Thumb Code   186  micodriveruart.o(.text)
    MicoUartSend                             0x08003d73   Thumb Code   150  micodriveruart.o(.text)
    MicoUartRecv                             0x08003e09   Thumb Code   180  micodriveruart.o(.text)
    MicoUartGetLengthInBuffer                0x08003ebd   Thumb Code    16  micodriveruart.o(.text)
    USART1_IRQHandler                        0x08003ecd   Thumb Code    56  micodriveruart.o(.text)
    USART2_IRQHandler                        0x08003f05   Thumb Code    56  micodriveruart.o(.text)
    USART6_IRQHandler                        0x08003f3d   Thumb Code    58  micodriveruart.o(.text)
    DMA2_Stream7_IRQHandler                  0x08003f77   Thumb Code    60  micodriveruart.o(.text)
    DMA1_Stream6_IRQHandler                  0x08003fb3   Thumb Code    56  micodriveruart.o(.text)
    DMA2_Stream6_IRQHandler                  0x08003feb   Thumb Code    62  micodriveruart.o(.text)
    DMA2_Stream2_IRQHandler                  0x08004029   Thumb Code    54  micodriveruart.o(.text)
    DMA1_Stream5_IRQHandler                  0x0800405f   Thumb Code    50  micodriveruart.o(.text)
    DMA2_Stream1_IRQHandler                  0x08004091   Thumb Code    56  micodriveruart.o(.text)
    MicoFlashInitialize                      0x080040f1   Thumb Code    24  micodriverflash.o(.text)
    MicoFlashErase                           0x0800419b   Thumb Code    36  micodriverflash.o(.text)
    MicoFlashWrite                           0x08004303   Thumb Code    50  micodriverflash.o(.text)
    MicoFlashRead                            0x08004335   Thumb Code    60  micodriverflash.o(.text)
    MicoFlashFinalize                        0x08004371   Thumb Code    18  micodriverflash.o(.text)
    _PlatformFlashGetWriteProtectionStatus   0x08004383   Thumb Code    40  micodriverflash.o(.text)
    _PlatformFlashDisableWriteProtection     0x080043ab   Thumb Code    56  micodriverflash.o(.text)
    gpio_irq_enable                          0x080044c1   Thumb Code   298  gpio_irq.o(.text)
    gpio_irq_disable                         0x080045eb   Thumb Code   160  gpio_irq.o(.text)
    gpio_irq                                 0x0800468b   Thumb Code   144  gpio_irq.o(.text)
    EXTI0_IRQHandler                         0x0800471b   Thumb Code     2  gpio_irq.o(.text)
    EXTI1_IRQHandler                         0x0800471d   Thumb Code     2  gpio_irq.o(.text)
    EXTI2_IRQHandler                         0x0800471f   Thumb Code     2  gpio_irq.o(.text)
    EXTI3_IRQHandler                         0x08004721   Thumb Code     2  gpio_irq.o(.text)
    EXTI4_IRQHandler                         0x08004723   Thumb Code     2  gpio_irq.o(.text)
    EXTI9_5_IRQHandler                       0x08004725   Thumb Code     2  gpio_irq.o(.text)
    EXTI15_10_IRQHandler                     0x08004727   Thumb Code     2  gpio_irq.o(.text)
    MicoGpioInitialize                       0x08004741   Thumb Code   150  micodrivergpio.o(.text)
    MicoGpioDisableIRQ                       0x080047d7   Thumb Code    28  micodrivergpio.o(.text)
    MicoGpioFinalize                         0x080047f3   Thumb Code    74  micodrivergpio.o(.text)
    MicoGpioOutputHigh                       0x0800483d   Thumb Code    54  micodrivergpio.o(.text)
    MicoGpioOutputLow                        0x08004873   Thumb Code    54  micodrivergpio.o(.text)
    MicoGpioOutputTrigger                    0x080048a9   Thumb Code    54  micodrivergpio.o(.text)
    wiced_gpio_input_get                     0x080048df   Thumb Code    62  micodrivergpio.o(.text)
    MicoGpioEnableIRQ                        0x0800491d   Thumb Code    40  micodrivergpio.o(.text)
    platform_rtc_noinit                      0x0800494d   Thumb Code     2  micodriverrtc.o(.text)
    MicoRtcSetTime                           0x0800494f   Thumb Code   110  micodriverrtc.o(.text)
    MicoRtcInitialize                        0x080049bd   Thumb Code   240  micodriverrtc.o(.text)
    MicoRtcGetTime                           0x08004aad   Thumb Code    72  micodriverrtc.o(.text)
    rtc_sleep_entry                          0x08004d43   Thumb Code    26  rtc.o(.text)
    rtc_sleep_abort                          0x08004d5d   Thumb Code    22  rtc.o(.text)
    rtc_sleep_exit                           0x08004d73   Thumb Code    58  rtc.o(.text)
    ring_buffer_init                         0x08004e99   Thumb Code    14  ringbufferutils.o(.text)
    ring_buffer_deinit                       0x08004ea7   Thumb Code     4  ringbufferutils.o(.text)
    ring_buffer_free_space                   0x08004eab   Thumb Code    20  ringbufferutils.o(.text)
    ring_buffer_used_space                   0x08004ebf   Thumb Code    20  ringbufferutils.o(.text)
    ring_buffer_get_data                     0x08004ed3   Thumb Code    40  ringbufferutils.o(.text)
    ring_buffer_consume                      0x08004efb   Thumb Code    20  ringbufferutils.o(.text)
    ring_buffer_write                        0x08004f0f   Thumb Code   116  ringbufferutils.o(.text)
    formatMACAddr                            0x08004f85   Thumb Code   134  stringutils.o(.text)
    __strdup                                 0x0800500b   Thumb Code    46  stringutils.o(.text)
    __strdup_trans_dot                       0x08005039   Thumb Code    70  stringutils.o(.text)
    memrlen                                  0x0800507f   Thumb Code    24  stringutils.o(.text)
    Int2Str                                  0x08005097   Thumb Code    60  stringutils.o(.text)
    Str2Int                                  0x080050d3   Thumb Code   190  stringutils.o(.text)
    TextToHardwareAddress                    0x08005191   Thumb Code   164  stringutils.o(.text)
    DataToHexString                          0x08005235   Thumb Code    88  stringutils.o(.text)
    DataToHexStringWithSpaces                0x0800528d   Thumb Code    88  stringutils.o(.text)
    DataToHexStringWithColons                0x080052e5   Thumb Code    98  stringutils.o(.text)
    DataToCString                            0x08005347   Thumb Code    58  stringutils.o(.text)
    strnicmp                                 0x08005381   Thumb Code    64  stringutils.o(.text)
    strnicmpx                                0x080053c1   Thumb Code   216  stringutils.o(.text)
    VSNScanF                                 0x08005499   Thumb Code  1400  stringutils.o(.text)
    strnicmp_suffix                          0x08005a11   Thumb Code    36  stringutils.o(.text)
    strnstr_suffix                           0x08005a35   Thumb Code   126  stringutils.o(.text)
    memmem                                   0x08005ab3   Thumb Code    44  stringutils.o(.text)
    watchdog_check_last_reset                0x08005b1f   Thumb Code    24  platform.o(.text)
    mico_platform_init                       0x08005b37   Thumb Code    90  platform.o(.text)
    init_platform                            0x08005b91   Thumb Code    74  platform.o(.text)
    init_platform_bootloader                 0x08005bdb   Thumb Code    50  platform.o(.text)
    host_platform_reset_wifi                 0x08005c0d   Thumb Code    16  platform.o(.text)
    host_platform_power_wifi                 0x08005c1d   Thumb Code    16  platform.o(.text)
    MicoSysLed                               0x08005c2d   Thumb Code    16  platform.o(.text)
    MicoRfLed                                0x08005c3d   Thumb Code    16  platform.o(.text)
    MicoShouldEnterMFGMode                   0x08005c4d   Thumb Code    26  platform.o(.text)
    MicoShouldEnterBootloader                0x08005c67   Thumb Code    26  platform.o(.text)
    __rt_ctype_table                         0x08005ce5   Thumb Code     4  ctype_o.o(.text)
    toupper                                  0x08005ced   Thumb Code    12  toupper.o(.text)
    tolower                                  0x08005cf9   Thumb Code    12  tolower.o(.text)
    __aeabi_memcpy                           0x08005d05   Thumb Code    36  memcpya.o(.text)
    __aeabi_memcpy4                          0x08005d05   Thumb Code     0  memcpya.o(.text)
    __aeabi_memcpy8                          0x08005d05   Thumb Code     0  memcpya.o(.text)
    __aeabi_memset                           0x08005d29   Thumb Code    14  memseta.o(.text)
    __aeabi_memset4                          0x08005d29   Thumb Code     0  memseta.o(.text)
    __aeabi_memset8                          0x08005d29   Thumb Code     0  memseta.o(.text)
    __aeabi_memclr                           0x08005d37   Thumb Code     4  memseta.o(.text)
    __aeabi_memclr4                          0x08005d37   Thumb Code     0  memseta.o(.text)
    __aeabi_memclr8                          0x08005d37   Thumb Code     0  memseta.o(.text)
    _memset$wrapper                          0x08005d3b   Thumb Code    18  memseta.o(.text)
    strstr                                   0x08005d4d   Thumb Code    36  strstr.o(.text)
    strlen                                   0x08005d71   Thumb Code    14  strlen.o(.text)
    strcmp                                   0x08005d7f   Thumb Code    28  strcmp.o(.text)
    memcmp                                   0x08005d9b   Thumb Code    26  memcmp.o(.text)
    strrchr                                  0x08005db5   Thumb Code    32  strrchr.o(.text)
    calloc                                   0x08005dd5   Thumb Code    28  calloc.o(.text)
    __aeabi_fmul                             0x08005df1   Thumb Code   108  fmul.o(.text)
    __aeabi_ui2f                             0x08005e5d   Thumb Code    10  ffltui.o(.text)
    __aeabi_f2uiz                            0x08005e67   Thumb Code    40  ffixui.o(.text)
    __aeabi_uidiv                            0x08005e8f   Thumb Code     0  uidiv.o(.text)
    __aeabi_uidivmod                         0x08005e8f   Thumb Code    44  uidiv.o(.text)
    __aeabi_uldivmod                         0x08005ebb   Thumb Code    98  uldiv.o(.text)
    __I$use$fp                               0x08005f1d   Thumb Code     0  iusefp.o(.text)
    _float_round                             0x08005f1d   Thumb Code    18  fepilogue.o(.text)
    _float_epilogue                          0x08005f2f   Thumb Code    90  fepilogue.o(.text)
    __aeabi_dadd                             0x08005f89   Thumb Code   322  dadd.o(.text)
    __aeabi_dsub                             0x080060cb   Thumb Code     6  dadd.o(.text)
    __aeabi_drsub                            0x080060d1   Thumb Code     6  dadd.o(.text)
    __aeabi_dmul                             0x080060d7   Thumb Code   228  dmul.o(.text)
    __aeabi_ddiv                             0x080061bb   Thumb Code   222  ddiv.o(.text)
    __aeabi_d2ulz                            0x08006299   Thumb Code    48  dfixul.o(.text)
    __aeabi_cdrcmple                         0x080062c9   Thumb Code    38  cdrcmple.o(.text)
    __scatterload                            0x080062f1   Thumb Code    28  init.o(.text)
    __scatterload_rt2                        0x080062f1   Thumb Code     0  init.o(.text)
    __aeabi_llsl                             0x08006315   Thumb Code    30  llshl.o(.text)
    _ll_shift_l                              0x08006315   Thumb Code     0  llshl.o(.text)
    __aeabi_llsr                             0x08006333   Thumb Code    32  llushr.o(.text)
    _ll_ushift_r                             0x08006333   Thumb Code     0  llushr.o(.text)
    __aeabi_lasr                             0x08006353   Thumb Code    36  llsshr.o(.text)
    _ll_sshift_r                             0x08006353   Thumb Code     0  llsshr.o(.text)
    _double_round                            0x08006377   Thumb Code    26  depilogue.o(.text)
    _double_epilogue                         0x08006391   Thumb Code   164  depilogue.o(.text)
    __0printf                                0x08006435   Thumb Code    22  printfa.o(i.__0printf)
    __1printf                                0x08006435   Thumb Code     0  printfa.o(i.__0printf)
    __2printf                                0x08006435   Thumb Code     0  printfa.o(i.__0printf)
    __c89printf                              0x08006435   Thumb Code     0  printfa.o(i.__0printf)
    printf                                   0x08006435   Thumb Code     0  printfa.o(i.__0printf)
    __0sprintf                               0x08006455   Thumb Code    34  printfa.o(i.__0sprintf)
    __1sprintf                               0x08006455   Thumb Code     0  printfa.o(i.__0sprintf)
    __2sprintf                               0x08006455   Thumb Code     0  printfa.o(i.__0sprintf)
    __c89sprintf                             0x08006455   Thumb Code     0  printfa.o(i.__0sprintf)
    sprintf                                  0x08006455   Thumb Code     0  printfa.o(i.__0sprintf)
    __scatterload_copy                       0x0800647d   Thumb Code    14  handlers.o(i.__scatterload_copy)
    __scatterload_null                       0x0800648b   Thumb Code     2  handlers.o(i.__scatterload_null)
    __scatterload_zeroinit                   0x0800648d   Thumb Code    14  handlers.o(i.__scatterload_zeroinit)
    free                                     0x08006d49   Thumb Code    76  malloc.o(i.free)
    malloc                                   0x08006d99   Thumb Code    92  malloc.o(i.malloc)
    putc                                     0x08006e05   Thumb Code     4  putc.o(i.putc)
    menu                                     0x08006e08   Data        1017  bootloaderentrance.o(.constdata)
    MEMMAP                                   0x08007204   Data         391  menu.o(.constdata)
    not_leap_days                            0x08007566   Data          13  rtc.o(.constdata)
    leap_days                                0x08007573   Data          13  rtc.o(.constdata)
    gpio_mapping                             0x08007774   Data         348  platform.o(.constdata)
    uart_mapping                             0x080078d0   Data         184  platform.o(.constdata)
    __ctype_table                            0x080079f5   Data         129  ctype_o.o(.constdata)
    Region$$Table$$Base                      0x08007a88   Number         0  anon$$obj.o(Region$$Table)
    Region$$Table$$Limit                     0x08007aa8   Number         0  anon$$obj.o(Region$$Table)
    ERROR_STR                                0x20000000   Data          18  menu.o(.data)
    __stdout                                 0x20000020   Data           4  retarget.o(.data)
    SystemCoreClock                          0x20000034   Data           4  system_stm32f2xx.o(.data)
    AHBPrescTable                            0x20000038   Data          16  system_stm32f2xx.o(.data)
    flash_name                               0x20000078   Data           8  micodriverflash.o(.data)
    mico_default_time                        0x20000081   Data           7  micodriverrtc.o(.data)
    current_clock_state                      0x20000088   Data           1  rtc.o(.data)
    saved_rtc_time                           0x20000089   Data           7  rtc.o(.data)
    __microlib_freelist                      0x20000094   Data           4  mvars.o(.data)
    __microlib_freelist_initialised          0x20000098   Data           4  mvars.o(.data)
    tab_1024                                 0x2000009c   Data        1024  menu.o(.bss)
    FileName                                 0x2000049c   Data         256  menu.o(.bss)
    __heap_base                              0x200066e0   Data           0  startup_stm32f2xx.o(HEAP)
    __heap_limit                             0x200067e0   Data           0  startup_stm32f2xx.o(HEAP)
    __initial_sp                             0x200077e0   Data           0  startup_stm32f2xx.o(STACK)



==============================================================================

Memory Map of the image

  Image Entry point : 0x08000185

  Load Region LR_IROM1 (Base: 0x08000000, Size: 0x00007b44, Max: 0x00100000, ABSOLUTE)

    Execution Region ER_IROM1 (Base: 0x08000000, Size: 0x00007aa8, Max: 0x00100000, ABSOLUTE)

    Base Addr    Size         Type   Attr      Idx    E Section Name        Object

    0x08000000   0x00000184   Data   RO            3    RESET               startup_stm32f2xx.o
    0x08000184   0x00000000   Code   RO         1591  * .ARM.Collect$$$$00000000  mc_w.l(entry.o)
    0x08000184   0x00000004   Code   RO         1943    .ARM.Collect$$$$00000001  mc_w.l(entry2.o)
    0x08000188   0x00000004   Code   RO         1946    .ARM.Collect$$$$00000004  mc_w.l(entry5.o)
    0x0800018c   0x00000000   Code   RO         1948    .ARM.Collect$$$$00000008  mc_w.l(entry7b.o)
    0x0800018c   0x00000000   Code   RO         1950    .ARM.Collect$$$$0000000A  mc_w.l(entry8b.o)
    0x0800018c   0x00000008   Code   RO         1951    .ARM.Collect$$$$0000000B  mc_w.l(entry9a.o)
    0x08000194   0x00000000   Code   RO         1953    .ARM.Collect$$$$0000000D  mc_w.l(entry10a.o)
    0x08000194   0x00000000   Code   RO         1955    .ARM.Collect$$$$0000000F  mc_w.l(entry11a.o)
    0x08000194   0x00000004   Code   RO         1944    .ARM.Collect$$$$00002712  mc_w.l(entry2.o)
    0x08000198   0x0000001a   Code   RO         1088    .emb_text           stm32f2xx_platform.o
    0x080001b2   0x00000002   PAD
    0x080001b4   0x0000001c   Code   RO            4    .text               startup_stm32f2xx.o
    0x080001d0   0x0000004c   Code   RO           10    .text               bootloaderentrance.o
    0x0800021c   0x00000080   Code   RO          121    .text               getline.o
    0x0800029c   0x00000a74   Code   RO          146    .text               menu.o
    0x08000d10   0x0000057c   Code   RO          180    .text               update_for_ota.o
    0x0800128c   0x000005a4   Code   RO          199    .text               ymodem.o
    0x08001830   0x0000001a   Code   RO          214    .text               retarget.o
    0x0800184a   0x00000002   PAD
    0x0800184c   0x000000b0   Code   RO          316    .text               misc.o
    0x080018fc   0x00000328   Code   RO          615    .text               stm32f2xx_dma.o
    0x08001c24   0x000000e8   Code   RO          638    .text               stm32f2xx_exti.o
    0x08001d0c   0x00000394   Code   RO          661    .text               stm32f2xx_flash.o
    0x080020a0   0x00000218   Code   RO          708    .text               stm32f2xx_gpio.o
    0x080022b8   0x0000003c   Code   RO          817    .text               stm32f2xx_iwdg.o
    0x080022f4   0x000000bc   Code   RO          837    .text               stm32f2xx_pwr.o
    0x080023b0   0x000003d8   Code   RO          857    .text               stm32f2xx_rcc.o
    0x08002788   0x00000898   Code   RO          902    .text               stm32f2xx_rtc.o
    0x08003020   0x0000006c   Code   RO          972    .text               stm32f2xx_syscfg.o
    0x0800308c   0x00000344   Code   RO         1016    .text               stm32f2xx_usart.o
    0x080033d0   0x00000538   Code   RO         1089    .text               stm32f2xx_platform.o
    0x08003908   0x000007e8   Code   RO         1180    .text               micodriveruart.o
    0x080040f0   0x000003d0   Code   RO         1218    .text               micodriverflash.o
    0x080044c0   0x00000280   Code   RO         1246    .text               gpio_irq.o
    0x08004740   0x0000020c   Code   RO         1295    .text               micodrivergpio.o
    0x0800494c   0x000001bc   Code   RO         1376    .text               micodriverrtc.o
    0x08004b08   0x00000390   Code   RO         1422    .text               rtc.o
    0x08004e98   0x000000ea   Code   RO         1445    .text               ringbufferutils.o
    0x08004f82   0x00000002   PAD
    0x08004f84   0x00000b5a   Code   RO         1457    .text               stringutils.o
    0x08005ade   0x00000002   PAD
    0x08005ae0   0x00000204   Code   RO         1475    .text               platform.o
    0x08005ce4   0x00000008   Code   RO         1596    .text               mc_w.l(ctype_o.o)
    0x08005cec   0x0000000c   Code   RO         1624    .text               mc_w.l(toupper.o)
    0x08005cf8   0x0000000c   Code   RO         1626    .text               mc_w.l(tolower.o)
    0x08005d04   0x00000024   Code   RO         1628    .text               mc_w.l(memcpya.o)
    0x08005d28   0x00000024   Code   RO         1630    .text               mc_w.l(memseta.o)
    0x08005d4c   0x00000024   Code   RO         1632    .text               mc_w.l(strstr.o)
    0x08005d70   0x0000000e   Code   RO         1634    .text               mc_w.l(strlen.o)
    0x08005d7e   0x0000001c   Code   RO         1636    .text               mc_w.l(strcmp.o)
    0x08005d9a   0x0000001a   Code   RO         1638    .text               mc_w.l(memcmp.o)
    0x08005db4   0x00000020   Code   RO         1640    .text               mc_w.l(strrchr.o)
    0x08005dd4   0x0000001c   Code   RO         1933    .text               mc_w.l(calloc.o)
    0x08005df0   0x0000006c   Code   RO         1935    .text               mf_w.l(fmul.o)
    0x08005e5c   0x0000000a   Code   RO         1939    .text               mf_w.l(ffltui.o)
    0x08005e66   0x00000028   Code   RO         1941    .text               mf_w.l(ffixui.o)
    0x08005e8e   0x0000002c   Code   RO         1957    .text               mc_w.l(uidiv.o)
    0x08005eba   0x00000062   Code   RO         1959    .text               mc_w.l(uldiv.o)
    0x08005f1c   0x00000000   Code   RO         1963    .text               mc_w.l(iusefp.o)
    0x08005f1c   0x0000006c   Code   RO         1964    .text               mf_w.l(fepilogue.o)
    0x08005f88   0x0000014e   Code   RO         1966    .text               mf_w.l(dadd.o)
    0x080060d6   0x000000e4   Code   RO         1968    .text               mf_w.l(dmul.o)
    0x080061ba   0x000000de   Code   RO         1970    .text               mf_w.l(ddiv.o)
    0x08006298   0x00000030   Code   RO         1972    .text               mf_w.l(dfixul.o)
    0x080062c8   0x00000028   Code   RO         1974    .text               mf_w.l(cdrcmple.o)
    0x080062f0   0x00000024   Code   RO         1976    .text               mc_w.l(init.o)
    0x08006314   0x0000001e   Code   RO         1978    .text               mc_w.l(llshl.o)
    0x08006332   0x00000020   Code   RO         1980    .text               mc_w.l(llushr.o)
    0x08006352   0x00000024   Code   RO         1982    .text               mc_w.l(llsshr.o)
    0x08006376   0x000000be   Code   RO         1984    .text               mf_w.l(depilogue.o)
    0x08006434   0x00000020   Code   RO         1877    i.__0printf         mc_w.l(printfa.o)
    0x08006454   0x00000028   Code   RO         1879    i.__0sprintf        mc_w.l(printfa.o)
    0x0800647c   0x0000000e   Code   RO         1988    i.__scatterload_copy  mc_w.l(handlers.o)
    0x0800648a   0x00000002   Code   RO         1989    i.__scatterload_null  mc_w.l(handlers.o)
    0x0800648c   0x0000000e   Code   RO         1990    i.__scatterload_zeroinit  mc_w.l(handlers.o)
    0x0800649a   0x00000002   PAD
    0x0800649c   0x0000015c   Code   RO         1884    i._fp_digits        mc_w.l(printfa.o)
    0x080065f8   0x000006f0   Code   RO         1885    i._printf_core      mc_w.l(printfa.o)
    0x08006ce8   0x00000026   Code   RO         1886    i._printf_post_padding  mc_w.l(printfa.o)
    0x08006d0e   0x00000030   Code   RO         1887    i._printf_pre_padding  mc_w.l(printfa.o)
    0x08006d3e   0x0000000a   Code   RO         1889    i._sputc            mc_w.l(printfa.o)
    0x08006d48   0x00000050   Code   RO         1905    i.free              mc_w.l(malloc.o)
    0x08006d98   0x0000006c   Code   RO         1906    i.malloc            mc_w.l(malloc.o)
    0x08006e04   0x00000004   Code   RO         1594    i.putc              mc_w.l(putc.o)
    0x08006e08   0x000003f9   Data   RO           11    .constdata          bootloaderentrance.o
    0x08007201   0x00000003   PAD
    0x08007204   0x000001db   Data   RO          148    .constdata          menu.o
    0x080073df   0x00000001   PAD
    0x080073e0   0x00000072   Data   RO          182    .constdata          update_for_ota.o
    0x08007452   0x00000002   PAD
    0x08007454   0x00000029   Data   RO         1092    .constdata          stm32f2xx_platform.o
    0x0800747d   0x000000e9   Data   RO         1219    .constdata          micodriverflash.o
    0x08007566   0x000000bb   Data   RO         1423    .constdata          rtc.o
    0x08007621   0x00000151   Data   RO         1458    .constdata          stringutils.o
    0x08007772   0x00000002   PAD
    0x08007774   0x0000015c   Data   RO         1476    .constdata          platform.o
    0x080078d0   0x000000b8   Data   RO         1480    .constdata          platform.o
    0x08007988   0x0000006d   Data   RO         1482    .constdata          platform.o
    0x080079f5   0x00000081   Data   RO         1597    .constdata          mc_w.l(ctype_o.o)
    0x08007a76   0x00000002   PAD
    0x08007a78   0x00000004   Data   RO         1598    .constdata          mc_w.l(ctype_o.o)
    0x08007a7c   0x00000009   Data   RO         1220    .conststring        micodriverflash.o
    0x08007a85   0x00000003   PAD
    0x08007a88   0x00000020   Data   RO         1986    Region$$Table       anon$$obj.o


    Execution Region RW_IRAM1 (Base: 0x20000000, Size: 0x000077e0, Max: 0x00020000, ABSOLUTE)

    Base Addr    Size         Type   Attr      Idx    E Section Name        Object

    0x20000000   0x00000012   Data   RW          149    .data               menu.o
    0x20000012   0x00000002   PAD
    0x20000014   0x0000000c   Data   RW          183    .data               update_for_ota.o
    0x20000020   0x00000004   Data   RW          215    .data               retarget.o
    0x20000024   0x00000010   Data   RW          858    .data               stm32f2xx_rcc.o
    0x20000034   0x00000014   Data   RW         1063    .data               system_stm32f2xx.o
    0x20000048   0x00000030   Data   RW         1093    .data               stm32f2xx_platform.o
    0x20000078   0x00000008   Data   RW         1221    .data               micodriverflash.o
    0x20000080   0x00000001   Data   RW         1248    .data               gpio_irq.o
    0x20000081   0x00000007   Data   RW         1377    .data               micodriverrtc.o
    0x20000088   0x00000008   Data   RW         1424    .data               rtc.o
    0x20000090   0x00000004   Data   RW         1483    .data               platform.o
    0x20000094   0x00000004   Data   RW         1961    .data               mc_w.l(mvars.o)
    0x20000098   0x00000004   Data   RW         1962    .data               mc_w.l(mvars.o)
    0x2000009c   0x00000500   Zero   RW          147    .bss                menu.o
    0x2000059c   0x00006000   Zero   RW          181    .bss                update_for_ota.o
    0x2000659c   0x00000050   Zero   RW         1090    .bss                stm32f2xx_platform.o
    0x200065ec   0x00000030   Zero   RW         1181    .bss                micodriveruart.o
    0x2000661c   0x000000c0   Zero   RW         1247    .bss                gpio_irq.o
    0x200066dc   0x00000004   PAD
    0x200066e0   0x00000100   Zero   RW            2    HEAP                startup_stm32f2xx.o
    0x200067e0   0x00001000   Zero   RW            1    STACK               startup_stm32f2xx.o


==============================================================================

Image component sizes


      Code (inc. data)   RO Data    RW Data    ZI Data      Debug   Object Name

        76         22       1017          0          0      21782   bootloaderentrance.o
       128          6          0          0          0      13142   getline.o
       640         34          0          1        192       3333   gpio_irq.o
      2676       1370        475         18       1280       4680   menu.o
       976        154        242          8          0       5469   micodriverflash.o
       524          8          0          0          0       3017   micodrivergpio.o
       444         20          0          7          0       2598   micodriverrtc.o
      2024         52          0          0         48       7392   micodriveruart.o
       176         16          0          0          0     249477   misc.o
       516        100        641          4          0       6097   platform.o
        26          0          0          4          0     245204   retarget.o
       234          0          0          0          0       2391   ringbufferutils.o
       912        236        187          8          0       3371   rtc.o
        28          4        388          0       4352        744   startup_stm32f2xx.o
       808         32          0          0          0      18805   stm32f2xx_dma.o
       232          8          0          0          0       4867   stm32f2xx_exti.o
       916         22          0          0          0      12015   stm32f2xx_flash.o
       536         38          0          0          0      10121   stm32f2xx_gpio.o
        60          6          0          0          0       1269   stm32f2xx_iwdg.o
      1362        290         41         48         80     245286   stm32f2xx_platform.o
       188         14          0          0          0       2116   stm32f2xx_pwr.o
       984         46          0         16          0      22943   stm32f2xx_rcc.o
      2200         34          0          0          0      21175   stm32f2xx_rtc.o
       108         14          0          0          0       1551   stm32f2xx_syscfg.o
       836         26          0          0          0      12844   stm32f2xx_usart.o
      2906        160        337          0          0       9866   stringutils.o
         0          0          0         20          0        828   system_stm32f2xx.o
      1404        304        114         12      24576       3344   update_for_ota.o
      1444         10          0          0          0       5537   ymodem.o

    ----------------------------------------------------------------------
     23372       3026       3485        148      30532     941264   Object Totals
         0          0         32          0          0          0   (incl. Generated)
         8          0         11          2          4          0   (incl. Padding)

    ----------------------------------------------------------------------

      Code (inc. data)   RO Data    RW Data    ZI Data      Debug   Library Member Name

        28          0          0          0          0         76   calloc.o
         8          4        133          0          0         68   ctype_o.o
         0          0          0          0          0          0   entry.o
         0          0          0          0          0          0   entry10a.o
         0          0          0          0          0          0   entry11a.o
         8          4          0          0          0          0   entry2.o
         4          0          0          0          0          0   entry5.o
         0          0          0          0          0          0   entry7b.o
         0          0          0          0          0          0   entry8b.o
         8          4          0          0          0          0   entry9a.o
        30          0          0          0          0          0   handlers.o
        36          8          0          0          0         68   init.o
         0          0          0          0          0          0   iusefp.o
        30          0          0          0          0         68   llshl.o
        36          0          0          0          0         68   llsshr.o
        32          0          0          0          0         68   llushr.o
       188         20          0          0          0        160   malloc.o
        26          0          0          0          0         80   memcmp.o
        36          0          0          0          0         68   memcpya.o
        36          0          0          0          0        108   memseta.o
         0          0          0          8          0          0   mvars.o
      2292         96          0          0          0        596   printfa.o
         4          0          0          0          0         68   putc.o
        28          0          0          0          0         76   strcmp.o
        14          0          0          0          0         68   strlen.o
        32          0          0          0          0         68   strrchr.o
        36          0          0          0          0         80   strstr.o
        12          0          0          0          0         68   tolower.o
        12          0          0          0          0         68   toupper.o
        44          0          0          0          0         80   uidiv.o
        98          0          0          0          0         92   uldiv.o
        40          2          0          0          0         68   cdrcmple.o
       334          0          0          0          0        148   dadd.o
       222          0          0          0          0        100   ddiv.o
       190          0          0          0          0        176   depilogue.o
        48          0          0          0          0         68   dfixul.o
       228          0          0          0          0         96   dmul.o
       108          0          0          0          0        168   fepilogue.o
        40          0          0          0          0         68   ffixui.o
        10          0          0          0          0         68   ffltui.o
       108          0          0          0          0         76   fmul.o

    ----------------------------------------------------------------------
      4408        138        135          8          0       3132   Library Totals
         2          0          2          0          0          0   (incl. Padding)

    ----------------------------------------------------------------------

      Code (inc. data)   RO Data    RW Data    ZI Data      Debug   Library Name

      3078        136        133          8          0       2096   mc_w.l
      1328          2          0          0          0       1036   mf_w.l

    ----------------------------------------------------------------------
      4408        138        135          8          0       3132   Library Totals

    ----------------------------------------------------------------------

==============================================================================


      Code (inc. data)   RO Data    RW Data    ZI Data      Debug   

     27780       3164       3620        156      30532     938728   Grand Totals
     27780       3164       3620        156      30532     938728   ELF Image Totals
     27780       3164       3620        156          0          0   ROM Totals

==============================================================================

    Total RO  Size (Code + RO Data)                31400 (  30.66kB)
    Total RW  Size (RW Data + ZI Data)             30688 (  29.97kB)
    Total ROM Size (Code + RO Data + RW Data)      31556 (  30.82kB)

==============================================================================

